MPLINK 5.08, LINKER
Linker Map File - Created Wed Jan 04 21:46:31 2017

                                 Section Info
                  Section       Type    Address   Location Size(Bytes)
                ---------  ---------  ---------  ---------  ---------
                   .org_0       code   0x000000    program   0x000388
                   .cinit    romdata   0x0001c4    program   0x000004
.config_0FFF_BUILD/DEFAULT/PRODUCTION/POCKETS       code   0x000fff    program   0x000002
                   .udata      udata   0x000008       data   0x000018



                              Program Memory Usage 
                               Start         End      
                           ---------   ---------      
                            0x000000    0x0001c5      
                            0x000fff    0x000fff      
            455 out of 517 program addresses used, program memory utilization is 88%



                              Symbols - Sorted by Name
                     Name    Address   Location    Storage File                     
                ---------  ---------  ---------  --------- ---------                
             _.org_0_0005   0x000005    program     static C:\Users\Jacques\Documents\GitHub\pocketsimon\PocketSimon.X\PocketSimon.asm
                blink_led   0x0001b0    program     static C:\Users\Jacques\Documents\GitHub\pocketsimon\PocketSimon.X\PocketSimon.asm
                 delay_ms   0x000001    program     static C:\Users\Jacques\Documents\GitHub\pocketsimon\PocketSimon.X\PocketSimon.asm
           display_length   0x000195    program     static C:\Users\Jacques\Documents\GitHub\pocketsimon\PocketSimon.X\PocketSimon.asm
                game_over   0x000192    program     static C:\Users\Jacques\Documents\GitHub\pocketsimon\PocketSimon.X\PocketSimon.asm
                     init   0x0000f9    program     static C:\Users\Jacques\Documents\GitHub\pocketsimon\PocketSimon.X\PocketSimon.asm
           led_gpio_table   0x000055    program     static C:\Users\Jacques\Documents\GitHub\pocketsimon\PocketSimon.X\PocketSimon.asm
                   led_on   0x00005a    program     static C:\Users\Jacques\Documents\GitHub\pocketsimon\PocketSimon.X\PocketSimon.asm
                load_note   0x00009b    program     static C:\Users\Jacques\Documents\GitHub\pocketsimon\PocketSimon.X\PocketSimon.asm
              load_note02   0x0000ac    program     static C:\Users\Jacques\Documents\GitHub\pocketsimon\PocketSimon.X\PocketSimon.asm
                     lt10   0x0001a7    program     static C:\Users\Jacques\Documents\GitHub\pocketsimon\PocketSimon.X\PocketSimon.asm
                     lt25   0x0001a0    program     static C:\Users\Jacques\Documents\GitHub\pocketsimon\PocketSimon.X\PocketSimon.asm
                      lt5   0x0001ae    program     static C:\Users\Jacques\Documents\GitHub\pocketsimon\PocketSimon.X\PocketSimon.asm
                     main   0x000101    program     static C:\Users\Jacques\Documents\GitHub\pocketsimon\PocketSimon.X\PocketSimon.asm
                     note   0x0000bb    program     static C:\Users\Jacques\Documents\GitHub\pocketsimon\PocketSimon.X\PocketSimon.asm
                   note01   0x0000cd    program     static C:\Users\Jacques\Documents\GitHub\pocketsimon\PocketSimon.X\PocketSimon.asm
                   note02   0x0000d3    program     static C:\Users\Jacques\Documents\GitHub\pocketsimon\PocketSimon.X\PocketSimon.asm
                    note1   0x0000d7    program     static C:\Users\Jacques\Documents\GitHub\pocketsimon\PocketSimon.X\PocketSimon.asm
                    note2   0x0000dc    program     static C:\Users\Jacques\Documents\GitHub\pocketsimon\PocketSimon.X\PocketSimon.asm
                    note5   0x0000e6    program     static C:\Users\Jacques\Documents\GitHub\pocketsimon\PocketSimon.X\PocketSimon.asm
               note_table   0x000012    program     static C:\Users\Jacques\Documents\GitHub\pocketsimon\PocketSimon.X\PocketSimon.asm
                    pause   0x0000e8    program     static C:\Users\Jacques\Documents\GitHub\pocketsimon\PocketSimon.X\PocketSimon.asm
                  pause00   0x0000f2    program     static C:\Users\Jacques\Documents\GitHub\pocketsimon\PocketSimon.X\PocketSimon.asm
                  pause01   0x0000f7    program     static C:\Users\Jacques\Documents\GitHub\pocketsimon\PocketSimon.X\PocketSimon.asm
                play_rand   0x000118    program     static C:\Users\Jacques\Documents\GitHub\pocketsimon\PocketSimon.X\PocketSimon.asm
              play_rand02   0x000123    program     static C:\Users\Jacques\Documents\GitHub\pocketsimon\PocketSimon.X\PocketSimon.asm
       play_victory_theme   0x00017f    program     static C:\Users\Jacques\Documents\GitHub\pocketsimon\PocketSimon.X\PocketSimon.asm
         playback_success   0x000160    program     static C:\Users\Jacques\Documents\GitHub\pocketsimon\PocketSimon.X\PocketSimon.asm
                     post   0x000103    program     static C:\Users\Jacques\Documents\GitHub\pocketsimon\PocketSimon.X\PocketSimon.asm
                    prt01   0x000181    program     static C:\Users\Jacques\Documents\GitHub\pocketsimon\PocketSimon.X\PocketSimon.asm
                   random   0x0000ae    program     static C:\Users\Jacques\Documents\GitHub\pocketsimon\PocketSimon.X\PocketSimon.asm
                  rb_exit   0x00007f    program     static C:\Users\Jacques\Documents\GitHub\pocketsimon\PocketSimon.X\PocketSimon.asm
                    rbtn1   0x000064    program     static C:\Users\Jacques\Documents\GitHub\pocketsimon\PocketSimon.X\PocketSimon.asm
                    rbtn3   0x00006c    program     static C:\Users\Jacques\Documents\GitHub\pocketsimon\PocketSimon.X\PocketSimon.asm
             read_buttons   0x000061    program     static C:\Users\Jacques\Documents\GitHub\pocketsimon\PocketSimon.X\PocketSimon.asm
              rocky_theme   0x00002c    program     static C:\Users\Jacques\Documents\GitHub\pocketsimon\PocketSimon.X\PocketSimon.asm
       rotate_1slot_right   0x0000a8    program     static C:\Users\Jacques\Documents\GitHub\pocketsimon\PocketSimon.X\PocketSimon.asm
               store_note   0x000081    program     static C:\Users\Jacques\Documents\GitHub\pocketsimon\PocketSimon.X\PocketSimon.asm
             store_note01   0x00008e    program     static C:\Users\Jacques\Documents\GitHub\pocketsimon\PocketSimon.X\PocketSimon.asm
             store_note02   0x000096    program     static C:\Users\Jacques\Documents\GitHub\pocketsimon\PocketSimon.X\PocketSimon.asm
          translate_table   0x00000d    program     static C:\Users\Jacques\Documents\GitHub\pocketsimon\PocketSimon.X\PocketSimon.asm
                  victory   0x00017b    program     static C:\Users\Jacques\Documents\GitHub\pocketsimon\PocketSimon.X\PocketSimon.asm
            victory_final   0x00017d    program     static C:\Users\Jacques\Documents\GitHub\pocketsimon\PocketSimon.X\PocketSimon.asm
                   wait01   0x000137    program     static C:\Users\Jacques\Documents\GitHub\pocketsimon\PocketSimon.X\PocketSimon.asm
                   wait02   0x000139    program     static C:\Users\Jacques\Documents\GitHub\pocketsimon\PocketSimon.X\PocketSimon.asm
                 wait1sec   0x0001be    program     static C:\Users\Jacques\Documents\GitHub\pocketsimon\PocketSimon.X\PocketSimon.asm
         wait_btn_release   0x0000b7    program     static C:\Users\Jacques\Documents\GitHub\pocketsimon\PocketSimon.X\PocketSimon.asm
            wait_playback   0x000136    program     static C:\Users\Jacques\Documents\GitHub\pocketsimon\PocketSimon.X\PocketSimon.asm
                 btn_down   0x000008       data     static C:\Users\Jacques\Documents\GitHub\pocketsimon\PocketSimon.X\PocketSimon.asm
                  cap_cnt   0x00000f       data     static C:\Users\Jacques\Documents\GitHub\pocketsimon\PocketSimon.X\PocketSimon.asm
                    delay   0x00000a       data     static C:\Users\Jacques\Documents\GitHub\pocketsimon\PocketSimon.X\PocketSimon.asm
              half_period   0x00000c       data     static C:\Users\Jacques\Documents\GitHub\pocketsimon\PocketSimon.X\PocketSimon.asm
                      led   0x000009       data     static C:\Users\Jacques\Documents\GitHub\pocketsimon\PocketSimon.X\PocketSimon.asm
                notes_cnt   0x000010       data     static C:\Users\Jacques\Documents\GitHub\pocketsimon\PocketSimon.X\PocketSimon.asm
                     rand   0x000011       data     static C:\Users\Jacques\Documents\GitHub\pocketsimon\PocketSimon.X\PocketSimon.asm
                       t0   0x00001c       data     static C:\Users\Jacques\Documents\GitHub\pocketsimon\PocketSimon.X\PocketSimon.asm
                       t1   0x00001d       data     static C:\Users\Jacques\Documents\GitHub\pocketsimon\PocketSimon.X\PocketSimon.asm
                       t2   0x00001e       data     static C:\Users\Jacques\Documents\GitHub\pocketsimon\PocketSimon.X\PocketSimon.asm
                       t3   0x00001f       data     static C:\Users\Jacques\Documents\GitHub\pocketsimon\PocketSimon.X\PocketSimon.asm
                  timeout   0x00000d       data     static C:\Users\Jacques\Documents\GitHub\pocketsimon\PocketSimon.X\PocketSimon.asm
               tune_array   0x000014       data     static C:\Users\Jacques\Documents\GitHub\pocketsimon\PocketSimon.X\PocketSimon.asm



                              Symbols - Sorted by Address
                     Name    Address   Location    Storage File                     
                ---------  ---------  ---------  --------- ---------                
                 delay_ms   0x000001    program     static C:\Users\Jacques\Documents\GitHub\pocketsimon\PocketSimon.X\PocketSimon.asm
             _.org_0_0005   0x000005    program     static C:\Users\Jacques\Documents\GitHub\pocketsimon\PocketSimon.X\PocketSimon.asm
          translate_table   0x00000d    program     static C:\Users\Jacques\Documents\GitHub\pocketsimon\PocketSimon.X\PocketSimon.asm
               note_table   0x000012    program     static C:\Users\Jacques\Documents\GitHub\pocketsimon\PocketSimon.X\PocketSimon.asm
              rocky_theme   0x00002c    program     static C:\Users\Jacques\Documents\GitHub\pocketsimon\PocketSimon.X\PocketSimon.asm
           led_gpio_table   0x000055    program     static C:\Users\Jacques\Documents\GitHub\pocketsimon\PocketSimon.X\PocketSimon.asm
                   led_on   0x00005a    program     static C:\Users\Jacques\Documents\GitHub\pocketsimon\PocketSimon.X\PocketSimon.asm
             read_buttons   0x000061    program     static C:\Users\Jacques\Documents\GitHub\pocketsimon\PocketSimon.X\PocketSimon.asm
                    rbtn1   0x000064    program     static C:\Users\Jacques\Documents\GitHub\pocketsimon\PocketSimon.X\PocketSimon.asm
                    rbtn3   0x00006c    program     static C:\Users\Jacques\Documents\GitHub\pocketsimon\PocketSimon.X\PocketSimon.asm
                  rb_exit   0x00007f    program     static C:\Users\Jacques\Documents\GitHub\pocketsimon\PocketSimon.X\PocketSimon.asm
               store_note   0x000081    program     static C:\Users\Jacques\Documents\GitHub\pocketsimon\PocketSimon.X\PocketSimon.asm
             store_note01   0x00008e    program     static C:\Users\Jacques\Documents\GitHub\pocketsimon\PocketSimon.X\PocketSimon.asm
             store_note02   0x000096    program     static C:\Users\Jacques\Documents\GitHub\pocketsimon\PocketSimon.X\PocketSimon.asm
                load_note   0x00009b    program     static C:\Users\Jacques\Documents\GitHub\pocketsimon\PocketSimon.X\PocketSimon.asm
       rotate_1slot_right   0x0000a8    program     static C:\Users\Jacques\Documents\GitHub\pocketsimon\PocketSimon.X\PocketSimon.asm
              load_note02   0x0000ac    program     static C:\Users\Jacques\Documents\GitHub\pocketsimon\PocketSimon.X\PocketSimon.asm
                   random   0x0000ae    program     static C:\Users\Jacques\Documents\GitHub\pocketsimon\PocketSimon.X\PocketSimon.asm
         wait_btn_release   0x0000b7    program     static C:\Users\Jacques\Documents\GitHub\pocketsimon\PocketSimon.X\PocketSimon.asm
                     note   0x0000bb    program     static C:\Users\Jacques\Documents\GitHub\pocketsimon\PocketSimon.X\PocketSimon.asm
                   note01   0x0000cd    program     static C:\Users\Jacques\Documents\GitHub\pocketsimon\PocketSimon.X\PocketSimon.asm
                   note02   0x0000d3    program     static C:\Users\Jacques\Documents\GitHub\pocketsimon\PocketSimon.X\PocketSimon.asm
                    note1   0x0000d7    program     static C:\Users\Jacques\Documents\GitHub\pocketsimon\PocketSimon.X\PocketSimon.asm
                    note2   0x0000dc    program     static C:\Users\Jacques\Documents\GitHub\pocketsimon\PocketSimon.X\PocketSimon.asm
                    note5   0x0000e6    program     static C:\Users\Jacques\Documents\GitHub\pocketsimon\PocketSimon.X\PocketSimon.asm
                    pause   0x0000e8    program     static C:\Users\Jacques\Documents\GitHub\pocketsimon\PocketSimon.X\PocketSimon.asm
                  pause00   0x0000f2    program     static C:\Users\Jacques\Documents\GitHub\pocketsimon\PocketSimon.X\PocketSimon.asm
                  pause01   0x0000f7    program     static C:\Users\Jacques\Documents\GitHub\pocketsimon\PocketSimon.X\PocketSimon.asm
                     init   0x0000f9    program     static C:\Users\Jacques\Documents\GitHub\pocketsimon\PocketSimon.X\PocketSimon.asm
                     main   0x000101    program     static C:\Users\Jacques\Documents\GitHub\pocketsimon\PocketSimon.X\PocketSimon.asm
                     post   0x000103    program     static C:\Users\Jacques\Documents\GitHub\pocketsimon\PocketSimon.X\PocketSimon.asm
                play_rand   0x000118    program     static C:\Users\Jacques\Documents\GitHub\pocketsimon\PocketSimon.X\PocketSimon.asm
              play_rand02   0x000123    program     static C:\Users\Jacques\Documents\GitHub\pocketsimon\PocketSimon.X\PocketSimon.asm
            wait_playback   0x000136    program     static C:\Users\Jacques\Documents\GitHub\pocketsimon\PocketSimon.X\PocketSimon.asm
                   wait01   0x000137    program     static C:\Users\Jacques\Documents\GitHub\pocketsimon\PocketSimon.X\PocketSimon.asm
                   wait02   0x000139    program     static C:\Users\Jacques\Documents\GitHub\pocketsimon\PocketSimon.X\PocketSimon.asm
         playback_success   0x000160    program     static C:\Users\Jacques\Documents\GitHub\pocketsimon\PocketSimon.X\PocketSimon.asm
                  victory   0x00017b    program     static C:\Users\Jacques\Documents\GitHub\pocketsimon\PocketSimon.X\PocketSimon.asm
            victory_final   0x00017d    program     static C:\Users\Jacques\Documents\GitHub\pocketsimon\PocketSimon.X\PocketSimon.asm
       play_victory_theme   0x00017f    program     static C:\Users\Jacques\Documents\GitHub\pocketsimon\PocketSimon.X\PocketSimon.asm
                    prt01   0x000181    program     static C:\Users\Jacques\Documents\GitHub\pocketsimon\PocketSimon.X\PocketSimon.asm
                game_over   0x000192    program     static C:\Users\Jacques\Documents\GitHub\pocketsimon\PocketSimon.X\PocketSimon.asm
           display_length   0x000195    program     static C:\Users\Jacques\Documents\GitHub\pocketsimon\PocketSimon.X\PocketSimon.asm
                     lt25   0x0001a0    program     static C:\Users\Jacques\Documents\GitHub\pocketsimon\PocketSimon.X\PocketSimon.asm
                     lt10   0x0001a7    program     static C:\Users\Jacques\Documents\GitHub\pocketsimon\PocketSimon.X\PocketSimon.asm
                      lt5   0x0001ae    program     static C:\Users\Jacques\Documents\GitHub\pocketsimon\PocketSimon.X\PocketSimon.asm
                blink_led   0x0001b0    program     static C:\Users\Jacques\Documents\GitHub\pocketsimon\PocketSimon.X\PocketSimon.asm
                 wait1sec   0x0001be    program     static C:\Users\Jacques\Documents\GitHub\pocketsimon\PocketSimon.X\PocketSimon.asm
                 btn_down   0x000008       data     static C:\Users\Jacques\Documents\GitHub\pocketsimon\PocketSimon.X\PocketSimon.asm
                      led   0x000009       data     static C:\Users\Jacques\Documents\GitHub\pocketsimon\PocketSimon.X\PocketSimon.asm
                    delay   0x00000a       data     static C:\Users\Jacques\Documents\GitHub\pocketsimon\PocketSimon.X\PocketSimon.asm
              half_period   0x00000c       data     static C:\Users\Jacques\Documents\GitHub\pocketsimon\PocketSimon.X\PocketSimon.asm
                  timeout   0x00000d       data     static C:\Users\Jacques\Documents\GitHub\pocketsimon\PocketSimon.X\PocketSimon.asm
                  cap_cnt   0x00000f       data     static C:\Users\Jacques\Documents\GitHub\pocketsimon\PocketSimon.X\PocketSimon.asm
                notes_cnt   0x000010       data     static C:\Users\Jacques\Documents\GitHub\pocketsimon\PocketSimon.X\PocketSimon.asm
                     rand   0x000011       data     static C:\Users\Jacques\Documents\GitHub\pocketsimon\PocketSimon.X\PocketSimon.asm
               tune_array   0x000014       data     static C:\Users\Jacques\Documents\GitHub\pocketsimon\PocketSimon.X\PocketSimon.asm
                       t0   0x00001c       data     static C:\Users\Jacques\Documents\GitHub\pocketsimon\PocketSimon.X\PocketSimon.asm
                       t1   0x00001d       data     static C:\Users\Jacques\Documents\GitHub\pocketsimon\PocketSimon.X\PocketSimon.asm
                       t2   0x00001e       data     static C:\Users\Jacques\Documents\GitHub\pocketsimon\PocketSimon.X\PocketSimon.asm
                       t3   0x00001f       data     static C:\Users\Jacques\Documents\GitHub\pocketsimon\PocketSimon.X\PocketSimon.asm


